// Jest Snapshot v1, https://goo.gl/fbAQLP

exports[`SelectNumberField should trigger events correctly 1`] = `
<DocumentFragment>
  .cache-1bk0gso {
  background-color: #ffffff;
  display: -webkit-box;
  display: -webkit-flex;
  display: -ms-flexbox;
  display: flex;
  -webkit-flex-direction: row;
  -ms-flex-direction: row;
  flex-direction: row;
  -webkit-align-items: center;
  -webkit-box-align: center;
  -ms-flex-align: center;
  align-items: center;
  -webkit-align-self: stretch;
  -ms-flex-item-align: stretch;
  align-self: stretch;
  font-weight: 500;
  height: 48px;
  border: 1px solid #d4dae7;
  border-radius: 4px;
}

.cache-1ltakss {
  border: 0;
  transition-property: opacity;
  transition-duration: 0.15s;
  -webkit-user-select: none;
  -moz-user-select: none;
  -ms-user-select: none;
  user-select: none;
  background-color: transparent;
  padding: 0;
  margin: 0;
  -webkit-box-pack: center;
  -ms-flex-pack: center;
  -webkit-justify-content: center;
  justify-content: center;
  -webkit-align-items: center;
  -webkit-box-align: center;
  -ms-flex-align: center;
  align-items: center;
  position: relative;
  border-radius: 4px;
  color: #d4dae7;
  margin: 0 8px;
}

.cache-1ltakss[aria-disabled='true'] {
  opacity: 0.5;
  cursor: not-allowed;
}

.cache-1ltakss[aria-disabled='false'] {
  cursor: pointer;
  touch-action: manipulation;
}

.cache-1ltakss:hover:not([disabled]) {
  background: #eeeeff;
}

.cache-h96kyn-sizeStyles {
  fill: currentColor;
  height: 26px;
  width: 26px;
  min-width: 26px;
  min-height: 26px;
}

.cache-h96kyn-sizeStyles.cache-h96kyn-sizeStyles {
  vertical-align: middle;
}

.cache-zw5304 {
  display: -webkit-box;
  display: -webkit-flex;
  display: -ms-flexbox;
  display: flex;
  -webkit-flex: 1;
  -ms-flex: 1;
  flex: 1;
  -webkit-flex-direction: row;
  -ms-flex-direction: row;
  flex-direction: row;
  height: 32px;
  -webkit-align-items: center;
  -webkit-box-align: center;
  -ms-flex-align: center;
  align-items: center;
  outline: none;
  -webkit-box-pack: center;
  -ms-flex-pack: center;
  -webkit-justify-content: center;
  justify-content: center;
  border-radius: 4px;
  border: 1px solid transparent;
  max-width: 100%;
}

.cache-zw5304:hover:not([disabled], :focus) {
  border: 1px solid #4f0599;
}

.cache-zw5304:focus-within:not([disabled]) {
  box-shadow: 0px 0px 0px 3px #4F059940;
  border: 1px solid #4f0599;
}

.cache-wiike2 {
  color: #4a4f62;
  background-color: transparent;
  font-size: 16;
  border: none;
  text-align: right;
  outline: none;
  position: relative;
  margin-right: 4;
  max-width: 100%;
  font-weight: 500;
  text-align: center;
}

.cache-1ef6azp {
  border: 0;
  transition-property: opacity;
  transition-duration: 0.15s;
  -webkit-user-select: none;
  -moz-user-select: none;
  -ms-user-select: none;
  user-select: none;
  background-color: transparent;
  padding: 0;
  margin: 0;
  -webkit-box-pack: center;
  -ms-flex-pack: center;
  -webkit-justify-content: center;
  justify-content: center;
  -webkit-align-items: center;
  -webkit-box-align: center;
  -ms-flex-align: center;
  align-items: center;
  position: relative;
  border-radius: 4px;
  color: #4f0599;
  margin: 0 8px;
}

.cache-1ef6azp[aria-disabled='true'] {
  opacity: 0.5;
  cursor: not-allowed;
}

.cache-1ef6azp[aria-disabled='false'] {
  cursor: pointer;
  touch-action: manipulation;
}

.cache-1ef6azp:hover:not([disabled]) {
  background: #eeeeff;
}

<form
    novalidate=""
  >
    <div
      class="ermgxlz0 cache-1bk0gso"
    >
      <button
        aria-disabled="true"
        aria-label="Minus"
        class="ermgxlz4 e1kgqxfn0 cache-1ltakss"
        disabled=""
        type="button"
      >
        <svg
          class="sc-ui-icon etwatq50 cache-h96kyn-sizeStyles"
          viewBox="0 0 24 24"
        >
          <path
            d="M19,13H5V11H19V13Z"
          />
        </svg>
      </button>
      <div
        aria-live="assertive"
        class="cache-zw5304 ermgxlz3"
        role="status"
      >
        <input
          aria-label="Input"
          class="cache-wiike2 ermgxlz2"
          name="test"
          style="width: 25px;"
          value="0"
        />
      </div>
      <button
        aria-disabled="false"
        aria-label="Plus"
        class="ermgxlz4 e1kgqxfn0 cache-1ef6azp"
        type="button"
      >
        <svg
          class="sc-ui-icon etwatq50 cache-h96kyn-sizeStyles"
          viewBox="0 0 24 24"
        >
          <path
            d="M19,13H13V19H11V13H5V11H11V5H13V11H19V13Z"
          />
        </svg>
      </button>
    </div>
  </form>
</DocumentFragment>
`;
